
> fantech-ecommerce@1.0.0 build
> next build

  Ôû▓ Next.js 14.2.15
  - Environments: .env.local

   Linting and checking validity of types ...
   Creating an optimized production build ...
node.exe : Failed to 
compile.
En C:\Program 
Files\nodejs\npm.ps1: 
29 Carácter: 3
+   & $NODE_EXE 
$NPM_CLI_JS $args
+   ~~~~~~~~~~~~~~~~~~~
~~~~~~~~~~
    + CategoryInfo     
         : NotSpecifi  
  ed: (Failed to com   
 pile.:String) [],     
RemoteException
    + FullyQualifiedEr 
   rorId : NativeComm  
  andError
 

./pages/products/[slug]
.js
Module not found: 
Can't resolve '../../..
/utils/supabase'

https://nextjs.org/docs
/messages/module-not-fo
und


> Build failed because 
of webpack errors
